<html>
<body>
<pre>
<h1>µVision Build Log</h1>
<h2>Tool Versions:</h2>
IDE-Version: µVision V5.40.0.0
Copyright (C) 2024 ARM Ltd and ARM Germany GmbH. All rights reserved.
License Information: Phat Duong Tan, Dai hoc Quoc te Mien Dong (EIU), LIC=----
 
Tool Versions:
Toolchain:       MDK-Lite  Version: 5.40.0.3
Toolchain Path:  C:\Users\admin\AppData\Local\Keil_v5\ARM\ARMCLANG\Bin
C Compiler:      ArmClang.exe V6.22
Assembler:       Armasm.exe V6.22
Linker/Locator:  ArmLink.exe V6.22
Library Manager: ArmAr.exe V6.22
Hex Converter:   FromElf.exe V6.22
CPU DLL:         SARMCM3.DLL V5.40.0.3
Dialog DLL:      DCM.DLL V1.17.5.0
Target DLL:      STLink\ST-LINKIII-KEIL_SWO.dll V3.3.0.0
Dialog DLL:      TCM.DLL V1.56.4.0
 
<h2>Project:</h2>
C:\Users\admin\Desktop\drive\EVENTS\Fablab\STM32 And Two-Wheeled Self-Balancing Robot\5. Basic STM32\External_Interupt\MDK-ARM\External_Interupt.uvprojx
Project File Date:  04/22/2026

<h2>Output:</h2>
*** Using Compiler 'V6.22', folder: 'C:\Users\admin\AppData\Local\Keil_v5\ARM\ARMCLANG\Bin'
Rebuild target 'External_Interupt'
assembling startup_stm32l476xx.s...
compiling stm32l4xx_hal_flash.c...
compiling stm32l4xx_hal_tim.c...
compiling stm32l4xx_hal_tim_ex.c...
compiling stm32l4xx_hal_gpio.c...
compiling stm32l4xx_it.c...
compiling stm32l4xx_hal_rcc_ex.c...
compiling stm32l4xx_hal_msp.c...
compiling stm32l4xx_hal.c...
compiling stm32l4xx_hal_i2c.c...
compiling main.c...
compiling stm32l4xx_hal_flash_ex.c...
compiling stm32l4xx_hal_i2c_ex.c...
compiling stm32l4xx_hal_flash_ramfunc.c...
compiling stm32l4xx_hal_dma_ex.c...
compiling stm32l4xx_hal_dma.c...
compiling stm32l4xx_hal_pwr.c...
compiling stm32l4xx_hal_rcc.c...
compiling stm32l4xx_hal_pwr_ex.c...
compiling system_stm32l4xx.c...
compiling stm32l4xx_hal_cortex.c...
compiling stm32l4xx_hal_exti.c...
linking...
Program Size: Code=4352 RO-data=488 RW-data=12 ZI-data=1644  
FromELF: creating hex file...
"External_Interupt\External_Interupt.axf" - 0 Error(s), 0 Warning(s).

<h2>Software Packages used:</h2>

Package Vendor: ARM
                https://www.keil.com/pack/ARM.CMSIS.6.1.0.pack
                ARM::CMSIS@6.1.0
                CMSIS (Common Microcontroller Software Interface Standard)
   * Component: CORE Version: 6.1.0

Package Vendor: Keil
                https://www.keil.com/pack/Keil.STM32L4xx_DFP.3.1.0.pack
                Keil::STM32L4xx_DFP@3.1.0
                STMicroelectronics STM32L4 Series Device Support

<h2>Collection of Component include folders:</h2>
  ./RTE/_External_Interupt
  C:/Users/admin/AppData/Local/Arm/Packs/ARM/CMSIS/6.1.0/CMSIS/Core/Include

<h2>Collection of Component Files used:</h2>

   * Component: ARM::CMSIS:CORE@6.1.0
      Include file:  CMSIS/Core/Include/tz_context.h
Build Time Elapsed:  00:00:01
</pre>
</body>
</html>
